
> my-app@0.0.0 build
> vite build

[36mvite v7.3.0 [32mbuilding client environment for production...[36m[39m
transforming...
[32mÔ£ô[39m 5 modules transformed.
node.exe : 
[31mÔ£ù[39m Build 
failed in 795ms
At line:1 char:1
+ & "C:\Program Files\
nodejs/node.exe" 
"C:\Program 
Files\nodejs/node_mo 
...
+ ~~~~~~~~~~~~~~~~~~~~
~~~~~~~~~~~~~~~~~~~~~~
~~~~~~~~~~~~~~~~~~~~~~
~~~~~
    + CategoryInfo    
          : NotSpeci  
  fied: ([31mÔ£ù[   
 39m Build failed     
in 795ms:String)     
[], RemoteExcepti    
on
    + FullyQualifiedE 
   rrorId : NativeCo  
  mmandError
 
[31merror during 
build:
[31m[vite:esbuild] 
Transform failed with 
2 errors:
C:/Users/sulph/OneDriv
e/Desktop/Kimi_Agent_E
coSync Full Stack Buil
d/app/src/pages/Landin
gPage.tsx:546:12: 
ERROR: Unexpected 
closing "div" tag 
does not match 
opening "section" tag
C:/Users/sulph/OneDriv
e/Desktop/Kimi_Agent_E
coSync Full Stack Buil
d/app/src/pages/Landin
gPage.tsx:548:16: 
ERROR: Unterminated 
regular 
expression[31m
file: [36mC:/Users/su
lph/OneDrive/Desktop/K
imi_Agent_EcoSync 
Full Stack Build/app/s
rc/pages/LandingPage.t
sx:546:12[31m
[33m
[33mUnexpected 
closing "div" tag 
does not match 
opening "section" 
tag[33m
544 |                
</div>
545 |              
</div>
546 |            
</div>
    |              ^
547 |          </div>
548 |        
</section>

[33mUnterminated 
regular 
expression[33m
546 |            
</div>
547 |          </div>
548 |        
</section>
    |                 
 ^
549 |  
550 |        {/* 
ÔöÇÔöÇ FOOTER ÔöÇÔöÇ 
*/}
[31m
    at 
failureErrorWithLog (C
:\Users\sulph\OneDrive
\Desktop\Kimi_Agent_Ec
oSync Full Stack Build
\app\node_modules\esbu
ild\lib\main.js:1467:1
5)
    at C:\Users\sulph\
OneDrive\Desktop\Kimi_
Agent_EcoSync Full 
Stack Build\app\node_m
odules\esbuild\lib\mai
n.js:736:50
    at responseCallbac
ks.<computed> (C:\User
s\sulph\OneDrive\Deskt
op\Kimi_Agent_EcoSync 
Full Stack Build\app\n
ode_modules\esbuild\li
b\main.js:603:9)
    at 
handleIncomingPacket (
C:\Users\sulph\OneDriv
e\Desktop\Kimi_Agent_E
coSync Full Stack Buil
d\app\node_modules\esb
uild\lib\main.js:658:1
2)
    at 
Socket.readFromStdout 
(C:\Users\sulph\OneDri
ve\Desktop\Kimi_Agent_
EcoSync Full Stack Bui
ld\app\node_modules\es
build\lib\main.js:581:
7)
    at Socket.emit 
(node:events:508:28)
    at addChunk (node:
internal/streams/reada
ble:559:12)
    at readableAddChun
kPushByteMode (node:in
ternal/streams/readabl
e:510:3)
    at Readable.push (
node:internal/streams/
readable:390:5)
    at 
Pipe.onStreamRead (nod
e:internal/stream_base
_commons:189:23)[39m
